// Jest Snapshot v1, https://goo.gl/fbAQLP

exports[`render the uml-deplyoment-dependency-component 1`] = `
<body>
  <div>
    <svg>
      <g>
        <marker
          id="marker-d37b8ce3-17d2-4432-8fff-6c38ff2a1334"
          markerHeight="30"
          markerUnits="strokeWidth"
          markerWidth="22"
          orient="auto"
          refX="30"
          refY="15"
          stroke-dasharray="1,0"
          viewBox="0 0 30 30"
        >
          <path
            d="M0,29 L30,15 L0,1"
            fill="none"
            stroke="black"
          />
        </marker>
        <polyline
          fill="none"
          marker-end="url(#marker-d37b8ce3-17d2-4432-8fff-6c38ff2a1334)"
          points="0 0,100 100"
          stroke="black"
          stroke-dasharray="7"
          stroke-width="1"
        />
      </g>
    </svg>
  </div>
</body>
`;
